// Jest Snapshot v1, https://goo.gl/fbAQLP

exports[`MaterialComponent Tests renders the component 1`] = `
Object {
  "asFragment": [Function],
  "baseElement": <body>
    <div>
      <div
        class="my-component"
      >
        <h3>
          Hello
        </h3>
        <button
          class="MuiButtonBase-root MuiButton-root MuiButton-text MaterialComponent-root-1"
          tabindex="0"
          type="button"
        >
          <span
            class="MuiButton-label"
          >
            Fetch
          </span>
          <span
            class="MuiTouchRipple-root"
          />
        </button>
        <button
          class="MuiButtonBase-root MuiButton-root MuiButton-text MuiButton-textSecondary"
          tabindex="0"
          type="button"
        >
          <span
            class="MuiButton-label"
          >
            Cancel
          </span>
          <span
            class="MuiTouchRipple-root"
          />
        </button>
        <button
          class="MuiButtonBase-root MuiButton-root MuiButton-text MuiButton-textSecondary"
          tabindex="0"
          type="button"
        >
          <span
            class="MuiButton-label"
          >
            New Button
          </span>
          <span
            class="MuiTouchRipple-root"
          />
        </button>
        <span
          aria-disabled="false"
          class="MuiButtonBase-root MuiIconButton-root PrivateSwitchBase-root-3 MuiCheckbox-root MuiCheckbox-colorSecondary PrivateSwitchBase-checked-4 Mui-checked MuiIconButton-colorSecondary"
        >
          <span
            class="MuiIconButton-label"
          >
            <input
              aria-label="primary checkbox"
              checked=""
              class="PrivateSwitchBase-input-6"
              data-indeterminate="false"
              type="checkbox"
              value=""
            />
            <svg
              aria-hidden="true"
              class="MuiSvgIcon-root"
              focusable="false"
              viewBox="0 0 24 24"
            >
              <path
                d="M19 3H5c-1.11 0-2 .9-2 2v14c0 1.1.89 2 2 2h14c1.11 0 2-.9 2-2V5c0-1.1-.89-2-2-2zm-9 14l-5-5 1.41-1.41L10 14.17l7.59-7.59L19 8l-9 9z"
              />
            </svg>
          </span>
          <span
            class="MuiTouchRipple-root"
          />
        </span>
        <ul />
      </div>
    </div>
  </body>,
  "container": <div>
    <div
      class="my-component"
    >
      <h3>
        Hello
      </h3>
      <button
        class="MuiButtonBase-root MuiButton-root MuiButton-text MaterialComponent-root-1"
        tabindex="0"
        type="button"
      >
        <span
          class="MuiButton-label"
        >
          Fetch
        </span>
        <span
          class="MuiTouchRipple-root"
        />
      </button>
      <button
        class="MuiButtonBase-root MuiButton-root MuiButton-text MuiButton-textSecondary"
        tabindex="0"
        type="button"
      >
        <span
          class="MuiButton-label"
        >
          Cancel
        </span>
        <span
          class="MuiTouchRipple-root"
        />
      </button>
      <button
        class="MuiButtonBase-root MuiButton-root MuiButton-text MuiButton-textSecondary"
        tabindex="0"
        type="button"
      >
        <span
          class="MuiButton-label"
        >
          New Button
        </span>
        <span
          class="MuiTouchRipple-root"
        />
      </button>
      <span
        aria-disabled="false"
        class="MuiButtonBase-root MuiIconButton-root PrivateSwitchBase-root-3 MuiCheckbox-root MuiCheckbox-colorSecondary PrivateSwitchBase-checked-4 Mui-checked MuiIconButton-colorSecondary"
      >
        <span
          class="MuiIconButton-label"
        >
          <input
            aria-label="primary checkbox"
            checked=""
            class="PrivateSwitchBase-input-6"
            data-indeterminate="false"
            type="checkbox"
            value=""
          />
          <svg
            aria-hidden="true"
            class="MuiSvgIcon-root"
            focusable="false"
            viewBox="0 0 24 24"
          >
            <path
              d="M19 3H5c-1.11 0-2 .9-2 2v14c0 1.1.89 2 2 2h14c1.11 0 2-.9 2-2V5c0-1.1-.89-2-2-2zm-9 14l-5-5 1.41-1.41L10 14.17l7.59-7.59L19 8l-9 9z"
            />
          </svg>
        </span>
        <span
          class="MuiTouchRipple-root"
        />
      </span>
      <ul />
    </div>
  </div>,
  "debug": [Function],
  "findAllByAltText": [Function],
  "findAllByDisplayValue": [Function],
  "findAllByLabelText": [Function],
  "findAllByPlaceholderText": [Function],
  "findAllByRole": [Function],
  "findAllByTestId": [Function],
  "findAllByText": [Function],
  "findAllByTitle": [Function],
  "findByAltText": [Function],
  "findByDisplayValue": [Function],
  "findByLabelText": [Function],
  "findByPlaceholderText": [Function],
  "findByRole": [Function],
  "findByTestId": [Function],
  "findByText": [Function],
  "findByTitle": [Function],
  "getAllByAltText": [Function],
  "getAllByDisplayValue": [Function],
  "getAllByLabelText": [Function],
  "getAllByPlaceholderText": [Function],
  "getAllByRole": [Function],
  "getAllByTestId": [Function],
  "getAllByText": [Function],
  "getAllByTitle": [Function],
  "getByAltText": [Function],
  "getByDisplayValue": [Function],
  "getByLabelText": [Function],
  "getByPlaceholderText": [Function],
  "getByRole": [Function],
  "getByTestId": [Function],
  "getByText": [Function],
  "getByTitle": [Function],
  "queryAllByAltText": [Function],
  "queryAllByDisplayValue": [Function],
  "queryAllByLabelText": [Function],
  "queryAllByPlaceholderText": [Function],
  "queryAllByRole": [Function],
  "queryAllByTestId": [Function],
  "queryAllByText": [Function],
  "queryAllByTitle": [Function],
  "queryByAltText": [Function],
  "queryByDisplayValue": [Function],
  "queryByLabelText": [Function],
  "queryByPlaceholderText": [Function],
  "queryByRole": [Function],
  "queryByTestId": [Function],
  "queryByText": [Function],
  "queryByTitle": [Function],
  "rerender": [Function],
  "unmount": [Function],
}
`;
